12:32:58 **** Incremental Build of configuration Debug for project 0_led ****
make -j12 all 
arm-none-eabi-gcc "../Core/Src/main.c" -mcpu=cortex-m4 -std=gnu11 -g3 -DDEBUG -DUSE_HAL_DRIVER -DSTM32F303xC -c -I../Core/Inc -I../Drivers/STM32F3xx_HAL_Driver/Inc -I../Drivers/STM32F3xx_HAL_Driver/Inc/Legacy -I../Drivers/CMSIS/Device/ST/STM32F3xx/Include -I../Drivers/CMSIS/Include -O0 -ffunction-sections -fdata-sections -Wall -fstack-usage -fcyclomatic-complexity -MMD -MP -MF"Core/Src/main.d" -MT"Core/Src/main.o" --specs=nano.specs -mfpu=fpv4-sp-d16 -mfloat-abi=hard -mthumb -o "Core/Src/main.o"
arm-none-eabi-gcc -o "0_led.elf" @"objects.list"   -mcpu=cortex-m4 -T"C:\Users\Fabio\Desktop\Magistrale\APC\esercizi\schedino\0_led\STM32F303VCTX_FLASH.ld" --specs=nosys.specs -Wl,-Map="0_led.map" -Wl,--gc-sections -static --specs=nano.specs -mfpu=fpv4-sp-d16 -mfloat-abi=hard -mthumb -Wl,--start-group -lc -lm -Wl,--end-group
Finished building target: 0_led.elf
 
arm-none-eabi-size  0_led.elf 
arm-none-eabi-objdump -h -S 0_led.elf  > "0_led.list"
   text	   data	    bss	    dec	    hex	filename
  11096	     12	   2476	  13584	   3510	0_led.elf
Finished building: default.size.stdout
 
Finished building: 0_led.list
 

12:32:59 Build Finished. 0 errors, 0 warnings. (took 548ms)

